Median/training sample pass: 50,000 rows
Median/training sample pass: 100,000 rows
Median/training sample pass: 150,000 rows
Median/training sample pass: 200,000 rows
Median/training sample pass: 250,000 rows
Median/training sample pass: 300,000 rows
Median/training sample pass: 350,000 rows
Median/training sample pass: 400,000 rows
Median/training sample pass: 450,000 rows
Median/training sample pass: 500,000 rows
Median/training sample pass: 550,000 rows
Median/training sample pass: 600,000 rows
Median/training sample pass: 650,000 rows
Median/training sample pass: 700,000 rows
Median/training sample pass: 750,000 rows
Median/training sample pass: 800,000 rows
Median/training sample pass: 850,000 rows
Median/training sample pass: 900,000 rows
Median/training sample pass: 950,000 rows
Median/training sample pass: 1,000,000 rows
Median/training sample pass: 1,050,000 rows
Median/training sample pass: 1,100,000 rows
Median/training sample pass: 1,150,000 rows
Median/training sample pass: 1,200,000 rows
Median/training sample pass: 1,250,000 rows
Median/training sample pass: 1,300,000 rows
Median/training sample pass: 1,350,000 rows
Median/training sample pass: 1,400,000 rows
Median/training sample pass: 1,450,000 rows
Median/training sample pass: 1,500,000 rows
Median/training sample pass: 1,550,000 rows
Median/training sample pass: 1,600,000 rows
Median/training sample pass: 1,650,000 rows
Median/training sample pass: 1,700,000 rows
Median/training sample pass: 1,750,000 rows
Median/training sample pass: 1,800,000 rows
Median/training sample pass: 1,850,000 rows
Median/training sample pass: 1,900,000 rows
Median/training sample pass: 1,950,000 rows
Median/training sample pass: 2,000,000 rows
Median/training sample pass: 2,050,000 rows
Median/training sample pass: 2,100,000 rows
Median/training sample pass: 2,150,000 rows
Median/training sample pass: 2,200,000 rows
Median/training sample pass: 2,250,000 rows
Median/training sample pass: 2,300,000 rows
Median/training sample pass: 2,350,000 rows
Median/training sample pass: 2,400,000 rows
Median/training sample pass: 2,450,000 rows
Median/training sample pass: 2,500,000 rows
Median/training sample pass: 2,550,000 rows
Median/training sample pass: 2,600,000 rows
Median/training sample pass: 2,650,000 rows
Median/training sample pass: 2,700,000 rows
Median/training sample pass: 2,750,000 rows
Median/training sample pass: 2,800,000 rows
Median/training sample pass: 2,850,000 rows
Median/training sample pass: 2,900,000 rows
Median/training sample pass: 2,950,000 rows
Median/training sample pass: 3,000,000 rows
Median/training sample pass: 3,050,000 rows
Median/training sample pass: 3,100,000 rows
Median/training sample pass: 3,150,000 rows
Median/training sample pass: 3,200,000 rows
Median/training sample pass: 3,250,000 rows
Median/training sample pass: 3,300,000 rows
Median/training sample pass: 3,350,000 rows
Median/training sample pass: 3,400,000 rows
Median/training sample pass: 3,450,000 rows
Median/training sample pass: 3,500,000 rows
Median/training sample pass: 3,550,000 rows
Median/training sample pass: 3,600,000 rows
Median/training sample pass: 3,650,000 rows
Median/training sample pass: 3,700,000 rows
Median/training sample pass: 3,750,000 rows
Median/training sample pass: 3,800,000 rows
Median/training sample pass: 3,850,000 rows
Median/training sample pass: 3,900,000 rows
Median/training sample pass: 3,950,000 rows
Median/training sample pass: 4,000,000 rows
Median/training sample pass: 4,050,000 rows
Median/training sample pass: 4,100,000 rows
Median/training sample pass: 4,150,000 rows
Median/training sample pass: 4,200,000 rows
Median/training sample pass: 4,250,000 rows
Median/training sample pass: 4,300,000 rows
Median/training sample pass: 4,350,000 rows
Median/training sample pass: 4,400,000 rows
Median/training sample pass: 4,450,000 rows
Median/training sample pass: 4,500,000 rows
Median/training sample pass: 4,550,000 rows
Median/training sample pass: 4,600,000 rows
Median/training sample pass: 4,650,000 rows
Median/training sample pass: 4,700,000 rows
Median/training sample pass: 4,750,000 rows
Median/training sample pass: 4,800,000 rows
Median/training sample pass: 4,850,000 rows
Median/training sample pass: 4,900,000 rows
Median/training sample pass: 4,950,000 rows
Median/training sample pass: 5,000,000 rows
Scaler pass: 50,000 rows
Scaler pass: 100,000 rows
Scaler pass: 150,000 rows
Scaler pass: 200,000 rows
Scaler pass: 250,000 rows
Scaler pass: 300,000 rows
Scaler pass: 350,000 rows
Scaler pass: 400,000 rows
Scaler pass: 450,000 rows
Scaler pass: 500,000 rows
Scaler pass: 550,000 rows
Scaler pass: 600,000 rows
Scaler pass: 650,000 rows
Scaler pass: 700,000 rows
Scaler pass: 750,000 rows
Scaler pass: 800,000 rows
Scaler pass: 850,000 rows
Scaler pass: 900,000 rows
Scaler pass: 950,000 rows
Scaler pass: 1,000,000 rows
Scaler pass: 1,050,000 rows
Scaler pass: 1,100,000 rows
Scaler pass: 1,150,000 rows
Scaler pass: 1,200,000 rows
Scaler pass: 1,250,000 rows
Scaler pass: 1,300,000 rows
Scaler pass: 1,350,000 rows
Scaler pass: 1,400,000 rows
Scaler pass: 1,450,000 rows
Scaler pass: 1,500,000 rows
Scaler pass: 1,550,000 rows
Scaler pass: 1,600,000 rows
Scaler pass: 1,650,000 rows
Scaler pass: 1,700,000 rows
Scaler pass: 1,750,000 rows
Scaler pass: 1,800,000 rows
Scaler pass: 1,850,000 rows
Scaler pass: 1,900,000 rows
Scaler pass: 1,950,000 rows
Scaler pass: 2,000,000 rows
Scaler pass: 2,050,000 rows
Scaler pass: 2,100,000 rows
Scaler pass: 2,150,000 rows
Scaler pass: 2,200,000 rows
Scaler pass: 2,250,000 rows
Scaler pass: 2,300,000 rows
Scaler pass: 2,350,000 rows
Scaler pass: 2,400,000 rows
Scaler pass: 2,450,000 rows
Scaler pass: 2,500,000 rows
Scaler pass: 2,550,000 rows
Scaler pass: 2,600,000 rows
Scaler pass: 2,650,000 rows
Scaler pass: 2,700,000 rows
Scaler pass: 2,750,000 rows
Scaler pass: 2,800,000 rows
Scaler pass: 2,850,000 rows
Scaler pass: 2,900,000 rows
Scaler pass: 2,950,000 rows
Scaler pass: 3,000,000 rows
Scaler pass: 3,050,000 rows
Scaler pass: 3,100,000 rows
Scaler pass: 3,150,000 rows
Scaler pass: 3,200,000 rows
Scaler pass: 3,250,000 rows
Scaler pass: 3,300,000 rows
Scaler pass: 3,350,000 rows
Scaler pass: 3,400,000 rows
Scaler pass: 3,450,000 rows
Scaler pass: 3,500,000 rows
Scaler pass: 3,550,000 rows
Scaler pass: 3,600,000 rows
Scaler pass: 3,650,000 rows
Scaler pass: 3,700,000 rows
Scaler pass: 3,750,000 rows
Scaler pass: 3,800,000 rows
Scaler pass: 3,850,000 rows
Scaler pass: 3,900,000 rows
Scaler pass: 3,950,000 rows
Scaler pass: 4,000,000 rows
Scaler pass: 4,050,000 rows
Scaler pass: 4,100,000 rows
Scaler pass: 4,150,000 rows
Scaler pass: 4,200,000 rows
Scaler pass: 4,250,000 rows
Scaler pass: 4,300,000 rows
Scaler pass: 4,350,000 rows
Scaler pass: 4,400,000 rows
Scaler pass: 4,450,000 rows
Scaler pass: 4,500,000 rows
Scaler pass: 4,550,000 rows
Scaler pass: 4,600,000 rows
Scaler pass: 4,650,000 rows
Scaler pass: 4,700,000 rows
Scaler pass: 4,750,000 rows
Scaler pass: 4,800,000 rows
Scaler pass: 4,850,000 rows
Scaler pass: 4,900,000 rows
Scaler pass: 4,950,000 rows
Scaler pass: 5,000,000 rows
Export/scoring pass: 50,000 rows
Export/scoring pass: 100,000 rows
Export/scoring pass: 150,000 rows
Export/scoring pass: 200,000 rows
Export/scoring pass: 250,000 rows
Export/scoring pass: 300,000 rows
Export/scoring pass: 350,000 rows
Export/scoring pass: 400,000 rows
Export/scoring pass: 450,000 rows
Export/scoring pass: 500,000 rows
Export/scoring pass: 550,000 rows
Export/scoring pass: 600,000 rows
Export/scoring pass: 650,000 rows
Export/scoring pass: 700,000 rows
Export/scoring pass: 750,000 rows
Export/scoring pass: 800,000 rows
Export/scoring pass: 850,000 rows
Export/scoring pass: 900,000 rows
Export/scoring pass: 950,000 rows
Export/scoring pass: 1,000,000 rows
Export/scoring pass: 1,050,000 rows
Export/scoring pass: 1,100,000 rows
Export/scoring pass: 1,150,000 rows
Export/scoring pass: 1,200,000 rows
Export/scoring pass: 1,250,000 rows
Export/scoring pass: 1,300,000 rows
Export/scoring pass: 1,350,000 rows
Export/scoring pass: 1,400,000 rows
Export/scoring pass: 1,450,000 rows
Export/scoring pass: 1,500,000 rows
Export/scoring pass: 1,550,000 rows
Export/scoring pass: 1,600,000 rows
Export/scoring pass: 1,650,000 rows
Export/scoring pass: 1,700,000 rows
Export/scoring pass: 1,750,000 rows
Export/scoring pass: 1,800,000 rows
Export/scoring pass: 1,850,000 rows
Export/scoring pass: 1,900,000 rows
Export/scoring pass: 1,950,000 rows
Export/scoring pass: 2,000,000 rows
Export/scoring pass: 2,050,000 rows
Export/scoring pass: 2,100,000 rows
Export/scoring pass: 2,150,000 rows
Export/scoring pass: 2,200,000 rows
Export/scoring pass: 2,250,000 rows
Export/scoring pass: 2,300,000 rows
Export/scoring pass: 2,350,000 rows
Export/scoring pass: 2,400,000 rows
Export/scoring pass: 2,450,000 rows
Export/scoring pass: 2,500,000 rows
Export/scoring pass: 2,550,000 rows
Export/scoring pass: 2,600,000 rows
Export/scoring pass: 2,650,000 rows
Export/scoring pass: 2,700,000 rows
Export/scoring pass: 2,750,000 rows
Export/scoring pass: 2,800,000 rows
Export/scoring pass: 2,850,000 rows
Export/scoring pass: 2,900,000 rows
Export/scoring pass: 2,950,000 rows
Export/scoring pass: 3,000,000 rows
Export/scoring pass: 3,050,000 rows
Export/scoring pass: 3,100,000 rows
Export/scoring pass: 3,150,000 rows
Export/scoring pass: 3,200,000 rows
Export/scoring pass: 3,250,000 rows
Export/scoring pass: 3,300,000 rows
Export/scoring pass: 3,350,000 rows
Export/scoring pass: 3,400,000 rows
Export/scoring pass: 3,450,000 rows
Export/scoring pass: 3,500,000 rows
Export/scoring pass: 3,550,000 rows
Export/scoring pass: 3,600,000 rows
Export/scoring pass: 3,650,000 rows
Export/scoring pass: 3,700,000 rows
Export/scoring pass: 3,750,000 rows
Export/scoring pass: 3,800,000 rows
Export/scoring pass: 3,850,000 rows
Export/scoring pass: 3,900,000 rows
Export/scoring pass: 3,950,000 rows
Export/scoring pass: 4,000,000 rows
Export/scoring pass: 4,050,000 rows
Export/scoring pass: 4,100,000 rows
Export/scoring pass: 4,150,000 rows
Export/scoring pass: 4,200,000 rows
Export/scoring pass: 4,250,000 rows
Export/scoring pass: 4,300,000 rows
Export/scoring pass: 4,350,000 rows
Export/scoring pass: 4,400,000 rows
Export/scoring pass: 4,450,000 rows
Export/scoring pass: 4,500,000 rows
Export/scoring pass: 4,550,000 rows
Export/scoring pass: 4,600,000 rows
Export/scoring pass: 4,650,000 rows
Export/scoring pass: 4,700,000 rows
Export/scoring pass: 4,750,000 rows
Export/scoring pass: 4,800,000 rows
Export/scoring pass: 4,850,000 rows
Export/scoring pass: 4,900,000 rows
Export/scoring pass: 4,950,000 rows
Export/scoring pass: 5,000,000 rows

Pipeline complete
Total Rows Processed: 5,000,000
Total High Risk Count: 559,391
Execution Time: 778.89 seconds
Output: C:\Users\DELL\Desktop\Financial_Fraud_Project\processed_financial_fraud_data.csv
